{
  "date": "2026-08-14",
  "artifact": "/Users/shonen/leadlag/var/results/20260920_structural_completion/ml_overlay_retrained",
  "overlay_version": null,
  "max_abs_weight_diff": 0.0,
  "l2_weight_diff": 0.0,
  "live_fallback": {
    "gap_data_missing": false
  },
  "backtest_fallback": false,
  "live_summary": {
    "trade_date": "2026-08-14",
    "candidate": "primary_ruleD",
    "version": "production_residual_blpx_v2",
    "long_count": 5,
    "short_count": 5,
    "target_gross": 1.4999999999999996,
    "target_net": 1.6653345369377348e-16,
    "gross_multiplier": 0.75,
    "pit_bin": "Low",
    "pit_threshold_low": 1.4887747897490877,
    "pit_threshold_high": 2.037724225210623,
    "predicted_portfolio_mean": 0.009782074430815439,
    "predicted_portfolio_vol": 0.005911597034575282,
    "predicted_portfolio_ir": 1.400987648917187,
    "expected_cost_bps": 14.999999999999996,
    "herfindahl": 0.2220709289384326,
    "fallback_triggered": 0,
    "overlay_applied": 1,
    "p_trade_mean": 0.4918454216002897,
    "p_trade_std": 5.551115123125783e-17
  },
  "backtest_summary": {
    "trade_date": "2026-08-14",
    "candidate": "primary_ruleD",
    "version": "production_residual_blpx_v2",
    "long_count": 5,
    "short_count": 5,
    "target_gross": 1.4999999999999996,
    "target_net": 1.6653345369377348e-16,
    "gross_multiplier": 0.75,
    "pit_bin": "Low",
    "pit_threshold_low": 1.4887747897490877,
    "pit_threshold_high": 2.037724225210623,
    "predicted_portfolio_mean": 0.009782074430815439,
    "predicted_portfolio_vol": 0.005911597034575282,
    "predicted_portfolio_ir": 1.400987648917187,
    "expected_cost_bps": 14.999999999999996,
    "herfindahl": 0.2220709289384326,
    "fallback_triggered": 0,
    "overlay_applied": 1,
    "p_trade_mean": 0.4918454216002897,
    "p_trade_std": 5.551115123125783e-17
  }
}
